PyTorch Version:  2.5.1+cu121
Torchvision Version:  0.20.1+cu121
The selected epochs is: 15
The selected feature_extract is: False
The selected use_pretrained is: True
Augmentation -> Geometria: False | Cor: True | Oclusão: False
The selected mode is: fine_tuning
Output directory is: /home/koliver/visao-artigo/results/fine_tuning/exp3_color
The selected device is: cuda:1
Using pretrained GoogLeNet!!
GoogLeNet(
  (conv1): BasicConv2d(
    (conv): Conv2d(3, 64, kernel_size=(7, 7), stride=(2, 2), padding=(3, 3), bias=False)
    (bn): BatchNorm2d(64, eps=0.001, momentum=0.1, affine=True, track_running_stats=True)
  )
  (maxpool1): MaxPool2d(kernel_size=3, stride=2, padding=0, dilation=1, ceil_mode=True)
  (conv2): BasicConv2d(
    (conv): Conv2d(64, 64, kernel_size=(1, 1), stride=(1, 1), bias=False)
    (bn): BatchNorm2d(64, eps=0.001, momentum=0.1, affine=True, track_running_stats=True)
  )
  (conv3): BasicConv2d(
    (conv): Conv2d(64, 192, kernel_size=(3, 3), stride=(1, 1), padding=(1, 1), bias=False)
    (bn): BatchNorm2d(192, eps=0.001, momentum=0.1, affine=True, track_running_stats=True)
  )
  (maxpool2): MaxPool2d(kernel_size=3, stride=2, padding=0, dilation=1, ceil_mode=True)
  (inception3a): Inception(
    (branch1): BasicConv2d(
      (conv): Conv2d(192, 64, kernel_size=(1, 1), stride=(1, 1), bias=False)
      (bn): BatchNorm2d(64, eps=0.001, momentum=0.1, affine=True, track_running_stats=True)
    )
    (branch2): Sequential(
      (0): BasicConv2d(
        (conv): Conv2d(192, 96, kernel_size=(1, 1), stride=(1, 1), bias=False)
        (bn): BatchNorm2d(96, eps=0.001, momentum=0.1, affine=True, track_running_stats=True)
      )
      (1): BasicConv2d(
        (conv): Conv2d(96, 128, kernel_size=(3, 3), stride=(1, 1), padding=(1, 1), bias=False)
        (bn): BatchNorm2d(128, eps=0.001, momentum=0.1, affine=True, track_running_stats=True)
      )
    )
    (branch3): Sequential(
      (0): BasicConv2d(
        (conv): Conv2d(192, 16, kernel_size=(1, 1), stride=(1, 1), bias=False)
        (bn): BatchNorm2d(16, eps=0.001, momentum=0.1, affine=True, track_running_stats=True)
      )
      (1): BasicConv2d(
        (conv): Conv2d(16, 32, kernel_size=(3, 3), stride=(1, 1), padding=(1, 1), bias=False)
        (bn): BatchNorm2d(32, eps=0.001, momentum=0.1, affine=True, track_running_stats=True)
      )
    )
    (branch4): Sequential(
      (0): MaxPool2d(kernel_size=3, stride=1, padding=1, dilation=1, ceil_mode=True)
      (1): BasicConv2d(
        (conv): Conv2d(192, 32, kernel_size=(1, 1), stride=(1, 1), bias=False)
        (bn): BatchNorm2d(32, eps=0.001, momentum=0.1, affine=True, track_running_stats=True)
      )
    )
  )
  (inception3b): Inception(
    (branch1): BasicConv2d(
      (conv): Conv2d(256, 128, kernel_size=(1, 1), stride=(1, 1), bias=False)
      (bn): BatchNorm2d(128, eps=0.001, momentum=0.1, affine=True, track_running_stats=True)
    )
    (branch2): Sequential(
      (0): BasicConv2d(
        (conv): Conv2d(256, 128, kernel_size=(1, 1), stride=(1, 1), bias=False)
        (bn): BatchNorm2d(128, eps=0.001, momentum=0.1, affine=True, track_running_stats=True)
      )
      (1): BasicConv2d(
        (conv): Conv2d(128, 192, kernel_size=(3, 3), stride=(1, 1), padding=(1, 1), bias=False)
        (bn): BatchNorm2d(192, eps=0.001, momentum=0.1, affine=True, track_running_stats=True)
      )
    )
    (branch3): Sequential(
      (0): BasicConv2d(
        (conv): Conv2d(256, 32, kernel_size=(1, 1), stride=(1, 1), bias=False)
        (bn): BatchNorm2d(32, eps=0.001, momentum=0.1, affine=True, track_running_stats=True)
      )
      (1): BasicConv2d(
        (conv): Conv2d(32, 96, kernel_size=(3, 3), stride=(1, 1), padding=(1, 1), bias=False)
        (bn): BatchNorm2d(96, eps=0.001, momentum=0.1, affine=True, track_running_stats=True)
      )
    )
    (branch4): Sequential(
      (0): MaxPool2d(kernel_size=3, stride=1, padding=1, dilation=1, ceil_mode=True)
      (1): BasicConv2d(
        (conv): Conv2d(256, 64, kernel_size=(1, 1), stride=(1, 1), bias=False)
        (bn): BatchNorm2d(64, eps=0.001, momentum=0.1, affine=True, track_running_stats=True)
      )
    )
  )
  (maxpool3): MaxPool2d(kernel_size=3, stride=2, padding=0, dilation=1, ceil_mode=True)
  (inception4a): Inception(
    (branch1): BasicConv2d(
      (conv): Conv2d(480, 192, kernel_size=(1, 1), stride=(1, 1), bias=False)
      (bn): BatchNorm2d(192, eps=0.001, momentum=0.1, affine=True, track_running_stats=True)
    )
    (branch2): Sequential(
      (0): BasicConv2d(
        (conv): Conv2d(480, 96, kernel_size=(1, 1), stride=(1, 1), bias=False)
        (bn): BatchNorm2d(96, eps=0.001, momentum=0.1, affine=True, track_running_stats=True)
      )
      (1): BasicConv2d(
        (conv): Conv2d(96, 208, kernel_size=(3, 3), stride=(1, 1), padding=(1, 1), bias=False)
        (bn): BatchNorm2d(208, eps=0.001, momentum=0.1, affine=True, track_running_stats=True)
      )
    )
    (branch3): Sequential(
      (0): BasicConv2d(
        (conv): Conv2d(480, 16, kernel_size=(1, 1), stride=(1, 1), bias=False)
        (bn): BatchNorm2d(16, eps=0.001, momentum=0.1, affine=True, track_running_stats=True)
      )
      (1): BasicConv2d(
        (conv): Conv2d(16, 48, kernel_size=(3, 3), stride=(1, 1), padding=(1, 1), bias=False)
        (bn): BatchNorm2d(48, eps=0.001, momentum=0.1, affine=True, track_running_stats=True)
      )
    )
    (branch4): Sequential(
      (0): MaxPool2d(kernel_size=3, stride=1, padding=1, dilation=1, ceil_mode=True)
      (1): BasicConv2d(
        (conv): Conv2d(480, 64, kernel_size=(1, 1), stride=(1, 1), bias=False)
        (bn): BatchNorm2d(64, eps=0.001, momentum=0.1, affine=True, track_running_stats=True)
      )
    )
  )
  (inception4b): Inception(
    (branch1): BasicConv2d(
      (conv): Conv2d(512, 160, kernel_size=(1, 1), stride=(1, 1), bias=False)
      (bn): BatchNorm2d(160, eps=0.001, momentum=0.1, affine=True, track_running_stats=True)
    )
    (branch2): Sequential(
      (0): BasicConv2d(
        (conv): Conv2d(512, 112, kernel_size=(1, 1), stride=(1, 1), bias=False)
        (bn): BatchNorm2d(112, eps=0.001, momentum=0.1, affine=True, track_running_stats=True)
      )
      (1): BasicConv2d(
        (conv): Conv2d(112, 224, kernel_size=(3, 3), stride=(1, 1), padding=(1, 1), bias=False)
        (bn): BatchNorm2d(224, eps=0.001, momentum=0.1, affine=True, track_running_stats=True)
      )
    )
    (branch3): Sequential(
      (0): BasicConv2d(
        (conv): Conv2d(512, 24, kernel_size=(1, 1), stride=(1, 1), bias=False)
        (bn): BatchNorm2d(24, eps=0.001, momentum=0.1, affine=True, track_running_stats=True)
      )
      (1): BasicConv2d(
        (conv): Conv2d(24, 64, kernel_size=(3, 3), stride=(1, 1), padding=(1, 1), bias=False)
        (bn): BatchNorm2d(64, eps=0.001, momentum=0.1, affine=True, track_running_stats=True)
      )
    )
    (branch4): Sequential(
      (0): MaxPool2d(kernel_size=3, stride=1, padding=1, dilation=1, ceil_mode=True)
      (1): BasicConv2d(
        (conv): Conv2d(512, 64, kernel_size=(1, 1), stride=(1, 1), bias=False)
        (bn): BatchNorm2d(64, eps=0.001, momentum=0.1, affine=True, track_running_stats=True)
      )
    )
  )
  (inception4c): Inception(
    (branch1): BasicConv2d(
      (conv): Conv2d(512, 128, kernel_size=(1, 1), stride=(1, 1), bias=False)
      (bn): BatchNorm2d(128, eps=0.001, momentum=0.1, affine=True, track_running_stats=True)
    )
    (branch2): Sequential(
      (0): BasicConv2d(
        (conv): Conv2d(512, 128, kernel_size=(1, 1), stride=(1, 1), bias=False)
        (bn): BatchNorm2d(128, eps=0.001, momentum=0.1, affine=True, track_running_stats=True)
      )
      (1): BasicConv2d(
        (conv): Conv2d(128, 256, kernel_size=(3, 3), stride=(1, 1), padding=(1, 1), bias=False)
        (bn): BatchNorm2d(256, eps=0.001, momentum=0.1, affine=True, track_running_stats=True)
      )
    )
    (branch3): Sequential(
      (0): BasicConv2d(
        (conv): Conv2d(512, 24, kernel_size=(1, 1), stride=(1, 1), bias=False)
        (bn): BatchNorm2d(24, eps=0.001, momentum=0.1, affine=True, track_running_stats=True)
      )
      (1): BasicConv2d(
        (conv): Conv2d(24, 64, kernel_size=(3, 3), stride=(1, 1), padding=(1, 1), bias=False)
        (bn): BatchNorm2d(64, eps=0.001, momentum=0.1, affine=True, track_running_stats=True)
      )
    )
    (branch4): Sequential(
      (0): MaxPool2d(kernel_size=3, stride=1, padding=1, dilation=1, ceil_mode=True)
      (1): BasicConv2d(
        (conv): Conv2d(512, 64, kernel_size=(1, 1), stride=(1, 1), bias=False)
        (bn): BatchNorm2d(64, eps=0.001, momentum=0.1, affine=True, track_running_stats=True)
      )
    )
  )
  (inception4d): Inception(
    (branch1): BasicConv2d(
      (conv): Conv2d(512, 112, kernel_size=(1, 1), stride=(1, 1), bias=False)
      (bn): BatchNorm2d(112, eps=0.001, momentum=0.1, affine=True, track_running_stats=True)
    )
    (branch2): Sequential(
      (0): BasicConv2d(
        (conv): Conv2d(512, 144, kernel_size=(1, 1), stride=(1, 1), bias=False)
        (bn): BatchNorm2d(144, eps=0.001, momentum=0.1, affine=True, track_running_stats=True)
      )
      (1): BasicConv2d(
        (conv): Conv2d(144, 288, kernel_size=(3, 3), stride=(1, 1), padding=(1, 1), bias=False)
        (bn): BatchNorm2d(288, eps=0.001, momentum=0.1, affine=True, track_running_stats=True)
      )
    )
    (branch3): Sequential(
      (0): BasicConv2d(
        (conv): Conv2d(512, 32, kernel_size=(1, 1), stride=(1, 1), bias=False)
        (bn): BatchNorm2d(32, eps=0.001, momentum=0.1, affine=True, track_running_stats=True)
      )
      (1): BasicConv2d(
        (conv): Conv2d(32, 64, kernel_size=(3, 3), stride=(1, 1), padding=(1, 1), bias=False)
        (bn): BatchNorm2d(64, eps=0.001, momentum=0.1, affine=True, track_running_stats=True)
      )
    )
    (branch4): Sequential(
      (0): MaxPool2d(kernel_size=3, stride=1, padding=1, dilation=1, ceil_mode=True)
      (1): BasicConv2d(
        (conv): Conv2d(512, 64, kernel_size=(1, 1), stride=(1, 1), bias=False)
        (bn): BatchNorm2d(64, eps=0.001, momentum=0.1, affine=True, track_running_stats=True)
      )
    )
  )
  (inception4e): Inception(
    (branch1): BasicConv2d(
      (conv): Conv2d(528, 256, kernel_size=(1, 1), stride=(1, 1), bias=False)
      (bn): BatchNorm2d(256, eps=0.001, momentum=0.1, affine=True, track_running_stats=True)
    )
    (branch2): Sequential(
      (0): BasicConv2d(
        (conv): Conv2d(528, 160, kernel_size=(1, 1), stride=(1, 1), bias=False)
        (bn): BatchNorm2d(160, eps=0.001, momentum=0.1, affine=True, track_running_stats=True)
      )
      (1): BasicConv2d(
        (conv): Conv2d(160, 320, kernel_size=(3, 3), stride=(1, 1), padding=(1, 1), bias=False)
        (bn): BatchNorm2d(320, eps=0.001, momentum=0.1, affine=True, track_running_stats=True)
      )
    )
    (branch3): Sequential(
      (0): BasicConv2d(
        (conv): Conv2d(528, 32, kernel_size=(1, 1), stride=(1, 1), bias=False)
        (bn): BatchNorm2d(32, eps=0.001, momentum=0.1, affine=True, track_running_stats=True)
      )
      (1): BasicConv2d(
        (conv): Conv2d(32, 128, kernel_size=(3, 3), stride=(1, 1), padding=(1, 1), bias=False)
        (bn): BatchNorm2d(128, eps=0.001, momentum=0.1, affine=True, track_running_stats=True)
      )
    )
    (branch4): Sequential(
      (0): MaxPool2d(kernel_size=3, stride=1, padding=1, dilation=1, ceil_mode=True)
      (1): BasicConv2d(
        (conv): Conv2d(528, 128, kernel_size=(1, 1), stride=(1, 1), bias=False)
        (bn): BatchNorm2d(128, eps=0.001, momentum=0.1, affine=True, track_running_stats=True)
      )
    )
  )
  (maxpool4): MaxPool2d(kernel_size=2, stride=2, padding=0, dilation=1, ceil_mode=True)
  (inception5a): Inception(
    (branch1): BasicConv2d(
      (conv): Conv2d(832, 256, kernel_size=(1, 1), stride=(1, 1), bias=False)
      (bn): BatchNorm2d(256, eps=0.001, momentum=0.1, affine=True, track_running_stats=True)
    )
    (branch2): Sequential(
      (0): BasicConv2d(
        (conv): Conv2d(832, 160, kernel_size=(1, 1), stride=(1, 1), bias=False)
        (bn): BatchNorm2d(160, eps=0.001, momentum=0.1, affine=True, track_running_stats=True)
      )
      (1): BasicConv2d(
        (conv): Conv2d(160, 320, kernel_size=(3, 3), stride=(1, 1), padding=(1, 1), bias=False)
        (bn): BatchNorm2d(320, eps=0.001, momentum=0.1, affine=True, track_running_stats=True)
      )
    )
    (branch3): Sequential(
      (0): BasicConv2d(
        (conv): Conv2d(832, 32, kernel_size=(1, 1), stride=(1, 1), bias=False)
        (bn): BatchNorm2d(32, eps=0.001, momentum=0.1, affine=True, track_running_stats=True)
      )
      (1): BasicConv2d(
        (conv): Conv2d(32, 128, kernel_size=(3, 3), stride=(1, 1), padding=(1, 1), bias=False)
        (bn): BatchNorm2d(128, eps=0.001, momentum=0.1, affine=True, track_running_stats=True)
      )
    )
    (branch4): Sequential(
      (0): MaxPool2d(kernel_size=3, stride=1, padding=1, dilation=1, ceil_mode=True)
      (1): BasicConv2d(
        (conv): Conv2d(832, 128, kernel_size=(1, 1), stride=(1, 1), bias=False)
        (bn): BatchNorm2d(128, eps=0.001, momentum=0.1, affine=True, track_running_stats=True)
      )
    )
  )
  (inception5b): Inception(
    (branch1): BasicConv2d(
      (conv): Conv2d(832, 384, kernel_size=(1, 1), stride=(1, 1), bias=False)
      (bn): BatchNorm2d(384, eps=0.001, momentum=0.1, affine=True, track_running_stats=True)
    )
    (branch2): Sequential(
      (0): BasicConv2d(
        (conv): Conv2d(832, 192, kernel_size=(1, 1), stride=(1, 1), bias=False)
        (bn): BatchNorm2d(192, eps=0.001, momentum=0.1, affine=True, track_running_stats=True)
      )
      (1): BasicConv2d(
        (conv): Conv2d(192, 384, kernel_size=(3, 3), stride=(1, 1), padding=(1, 1), bias=False)
        (bn): BatchNorm2d(384, eps=0.001, momentum=0.1, affine=True, track_running_stats=True)
      )
    )
    (branch3): Sequential(
      (0): BasicConv2d(
        (conv): Conv2d(832, 48, kernel_size=(1, 1), stride=(1, 1), bias=False)
        (bn): BatchNorm2d(48, eps=0.001, momentum=0.1, affine=True, track_running_stats=True)
      )
      (1): BasicConv2d(
        (conv): Conv2d(48, 128, kernel_size=(3, 3), stride=(1, 1), padding=(1, 1), bias=False)
        (bn): BatchNorm2d(128, eps=0.001, momentum=0.1, affine=True, track_running_stats=True)
      )
    )
    (branch4): Sequential(
      (0): MaxPool2d(kernel_size=3, stride=1, padding=1, dilation=1, ceil_mode=True)
      (1): BasicConv2d(
        (conv): Conv2d(832, 128, kernel_size=(1, 1), stride=(1, 1), bias=False)
        (bn): BatchNorm2d(128, eps=0.001, momentum=0.1, affine=True, track_running_stats=True)
      )
    )
  )
  (aux1): None
  (aux2): None
  (avgpool): AdaptiveAvgPool2d(output_size=(1, 1))
  (dropout): Dropout(p=0.2, inplace=False)
  (fc): Linear(in_features=1024, out_features=28, bias=True)
)
Classes carregadas para treino: 28
Params to learn:
	 conv1.conv.weight
	 conv1.bn.weight
	 conv1.bn.bias
	 conv2.conv.weight
	 conv2.bn.weight
	 conv2.bn.bias
	 conv3.conv.weight
	 conv3.bn.weight
	 conv3.bn.bias
	 inception3a.branch1.conv.weight
	 inception3a.branch1.bn.weight
	 inception3a.branch1.bn.bias
	 inception3a.branch2.0.conv.weight
	 inception3a.branch2.0.bn.weight
	 inception3a.branch2.0.bn.bias
	 inception3a.branch2.1.conv.weight
	 inception3a.branch2.1.bn.weight
	 inception3a.branch2.1.bn.bias
	 inception3a.branch3.0.conv.weight
	 inception3a.branch3.0.bn.weight
	 inception3a.branch3.0.bn.bias
	 inception3a.branch3.1.conv.weight
	 inception3a.branch3.1.bn.weight
	 inception3a.branch3.1.bn.bias
	 inception3a.branch4.1.conv.weight
	 inception3a.branch4.1.bn.weight
	 inception3a.branch4.1.bn.bias
	 inception3b.branch1.conv.weight
	 inception3b.branch1.bn.weight
	 inception3b.branch1.bn.bias
	 inception3b.branch2.0.conv.weight
	 inception3b.branch2.0.bn.weight
	 inception3b.branch2.0.bn.bias
	 inception3b.branch2.1.conv.weight
	 inception3b.branch2.1.bn.weight
	 inception3b.branch2.1.bn.bias
	 inception3b.branch3.0.conv.weight
	 inception3b.branch3.0.bn.weight
	 inception3b.branch3.0.bn.bias
	 inception3b.branch3.1.conv.weight
	 inception3b.branch3.1.bn.weight
	 inception3b.branch3.1.bn.bias
	 inception3b.branch4.1.conv.weight
	 inception3b.branch4.1.bn.weight
	 inception3b.branch4.1.bn.bias
	 inception4a.branch1.conv.weight
	 inception4a.branch1.bn.weight
	 inception4a.branch1.bn.bias
	 inception4a.branch2.0.conv.weight
	 inception4a.branch2.0.bn.weight
	 inception4a.branch2.0.bn.bias
	 inception4a.branch2.1.conv.weight
	 inception4a.branch2.1.bn.weight
	 inception4a.branch2.1.bn.bias
	 inception4a.branch3.0.conv.weight
	 inception4a.branch3.0.bn.weight
	 inception4a.branch3.0.bn.bias
	 inception4a.branch3.1.conv.weight
	 inception4a.branch3.1.bn.weight
	 inception4a.branch3.1.bn.bias
	 inception4a.branch4.1.conv.weight
	 inception4a.branch4.1.bn.weight
	 inception4a.branch4.1.bn.bias
	 inception4b.branch1.conv.weight
	 inception4b.branch1.bn.weight
	 inception4b.branch1.bn.bias
	 inception4b.branch2.0.conv.weight
	 inception4b.branch2.0.bn.weight
	 inception4b.branch2.0.bn.bias
	 inception4b.branch2.1.conv.weight
	 inception4b.branch2.1.bn.weight
	 inception4b.branch2.1.bn.bias
	 inception4b.branch3.0.conv.weight
	 inception4b.branch3.0.bn.weight
	 inception4b.branch3.0.bn.bias
	 inception4b.branch3.1.conv.weight
	 inception4b.branch3.1.bn.weight
	 inception4b.branch3.1.bn.bias
	 inception4b.branch4.1.conv.weight
	 inception4b.branch4.1.bn.weight
	 inception4b.branch4.1.bn.bias
	 inception4c.branch1.conv.weight
	 inception4c.branch1.bn.weight
	 inception4c.branch1.bn.bias
	 inception4c.branch2.0.conv.weight
	 inception4c.branch2.0.bn.weight
	 inception4c.branch2.0.bn.bias
	 inception4c.branch2.1.conv.weight
	 inception4c.branch2.1.bn.weight
	 inception4c.branch2.1.bn.bias
	 inception4c.branch3.0.conv.weight
	 inception4c.branch3.0.bn.weight
	 inception4c.branch3.0.bn.bias
	 inception4c.branch3.1.conv.weight
	 inception4c.branch3.1.bn.weight
	 inception4c.branch3.1.bn.bias
	 inception4c.branch4.1.conv.weight
	 inception4c.branch4.1.bn.weight
	 inception4c.branch4.1.bn.bias
	 inception4d.branch1.conv.weight
	 inception4d.branch1.bn.weight
	 inception4d.branch1.bn.bias
	 inception4d.branch2.0.conv.weight
	 inception4d.branch2.0.bn.weight
	 inception4d.branch2.0.bn.bias
	 inception4d.branch2.1.conv.weight
	 inception4d.branch2.1.bn.weight
	 inception4d.branch2.1.bn.bias
	 inception4d.branch3.0.conv.weight
	 inception4d.branch3.0.bn.weight
	 inception4d.branch3.0.bn.bias
	 inception4d.branch3.1.conv.weight
	 inception4d.branch3.1.bn.weight
	 inception4d.branch3.1.bn.bias
	 inception4d.branch4.1.conv.weight
	 inception4d.branch4.1.bn.weight
	 inception4d.branch4.1.bn.bias
	 inception4e.branch1.conv.weight
	 inception4e.branch1.bn.weight
	 inception4e.branch1.bn.bias
	 inception4e.branch2.0.conv.weight
	 inception4e.branch2.0.bn.weight
	 inception4e.branch2.0.bn.bias
	 inception4e.branch2.1.conv.weight
	 inception4e.branch2.1.bn.weight
	 inception4e.branch2.1.bn.bias
	 inception4e.branch3.0.conv.weight
	 inception4e.branch3.0.bn.weight
	 inception4e.branch3.0.bn.bias
	 inception4e.branch3.1.conv.weight
	 inception4e.branch3.1.bn.weight
	 inception4e.branch3.1.bn.bias
	 inception4e.branch4.1.conv.weight
	 inception4e.branch4.1.bn.weight
	 inception4e.branch4.1.bn.bias
	 inception5a.branch1.conv.weight
	 inception5a.branch1.bn.weight
	 inception5a.branch1.bn.bias
	 inception5a.branch2.0.conv.weight
	 inception5a.branch2.0.bn.weight
	 inception5a.branch2.0.bn.bias
	 inception5a.branch2.1.conv.weight
	 inception5a.branch2.1.bn.weight
	 inception5a.branch2.1.bn.bias
	 inception5a.branch3.0.conv.weight
	 inception5a.branch3.0.bn.weight
	 inception5a.branch3.0.bn.bias
	 inception5a.branch3.1.conv.weight
	 inception5a.branch3.1.bn.weight
	 inception5a.branch3.1.bn.bias
	 inception5a.branch4.1.conv.weight
	 inception5a.branch4.1.bn.weight
	 inception5a.branch4.1.bn.bias
	 inception5b.branch1.conv.weight
	 inception5b.branch1.bn.weight
	 inception5b.branch1.bn.bias
	 inception5b.branch2.0.conv.weight
	 inception5b.branch2.0.bn.weight
	 inception5b.branch2.0.bn.bias
	 inception5b.branch2.1.conv.weight
	 inception5b.branch2.1.bn.weight
	 inception5b.branch2.1.bn.bias
	 inception5b.branch3.0.conv.weight
	 inception5b.branch3.0.bn.weight
	 inception5b.branch3.0.bn.bias
	 inception5b.branch3.1.conv.weight
	 inception5b.branch3.1.bn.weight
	 inception5b.branch3.1.bn.bias
	 inception5b.branch4.1.conv.weight
	 inception5b.branch4.1.bn.weight
	 inception5b.branch4.1.bn.bias
	 fc.weight
	 fc.bias
Epoch 0/14
----------
fine_tuning ---> train Loss: 0.3894 Acc: 0.8913
fine_tuning ---> val Loss: 0.1026 Acc: 0.9691

Epoch 1/14
----------
fine_tuning ---> train Loss: 0.1066 Acc: 0.9671
fine_tuning ---> val Loss: 0.0666 Acc: 0.9784

Epoch 2/14
----------
fine_tuning ---> train Loss: 0.0715 Acc: 0.9778
fine_tuning ---> val Loss: 0.0639 Acc: 0.9815

Epoch 3/14
----------
fine_tuning ---> train Loss: 0.0514 Acc: 0.9846
fine_tuning ---> val Loss: 0.0347 Acc: 0.9887

Epoch 4/14
----------
fine_tuning ---> train Loss: 0.0433 Acc: 0.9871
fine_tuning ---> val Loss: 0.0365 Acc: 0.9885

Epoch 5/14
----------
fine_tuning ---> train Loss: 0.0391 Acc: 0.9885
fine_tuning ---> val Loss: 0.0338 Acc: 0.9892

Epoch 6/14
----------
fine_tuning ---> train Loss: 0.0340 Acc: 0.9900
fine_tuning ---> val Loss: 0.0304 Acc: 0.9916

Epoch 7/14
----------
fine_tuning ---> train Loss: 0.0279 Acc: 0.9924
fine_tuning ---> val Loss: 0.0289 Acc: 0.9911

Epoch 8/14
----------
fine_tuning ---> train Loss: 0.0267 Acc: 0.9929
fine_tuning ---> val Loss: 0.0297 Acc: 0.9920

Epoch 9/14
----------
fine_tuning ---> train Loss: 0.0225 Acc: 0.9946
fine_tuning ---> val Loss: 0.0249 Acc: 0.9926

Epoch 10/14
----------
fine_tuning ---> train Loss: 0.0132 Acc: 0.9974
fine_tuning ---> val Loss: 0.0155 Acc: 0.9950

Epoch 11/14
----------
fine_tuning ---> train Loss: 0.0093 Acc: 0.9985
fine_tuning ---> val Loss: 0.0149 Acc: 0.9950

Epoch 12/14
----------
fine_tuning ---> train Loss: 0.0080 Acc: 0.9985
fine_tuning ---> val Loss: 0.0175 Acc: 0.9943

Epoch 13/14
----------
fine_tuning ---> train Loss: 0.0074 Acc: 0.9988
fine_tuning ---> val Loss: 0.0170 Acc: 0.9945

Epoch 14/14
----------
